// Jest Snapshot v1, https://goo.gl/fbAQLP

exports[`renders homepage unchanged 1`] = `
<div>
  <div
    class=""
  >
    <main
      class="w-full min-h-screen flex items-center justify-center"
    >
      <h1
        class="text-3xl font-bold underline"
      >
        Hello world!
      </h1>
    </main>
  </div>
</div>
`;
